###############################################################################
#
# IAR ELF Linker V8.22.1.15669/W32 for ARM                05/Jul/2018  13:18:33
# Copyright 2007-2018 IAR Systems AB.
#
#    Output file  =  
#        D:\电路板\鹰眼_stm32\source\EWARM\source\Exe\source.out
#    Map file     =  
#        D:\电路板\鹰眼_stm32\source\EWARM\source\List\source.map
#    Command line =  
#        -f C:\Users\ncer\AppData\Local\Temp\EWF6DD.tmp
#        (D:\电路板\鹰眼_stm32\source\EWARM\source\Obj\camera.o
#        D:\电路板\鹰眼_stm32\source\EWARM\source\Obj\can.o
#        D:\电路板\鹰眼_stm32\source\EWARM\source\Obj\dma.o
#        D:\电路板\鹰眼_stm32\source\EWARM\source\Obj\gpio.o
#        D:\电路板\鹰眼_stm32\source\EWARM\source\Obj\i2c.o
#        D:\电路板\鹰眼_stm32\source\EWARM\source\Obj\main.o
#        D:\电路板\鹰眼_stm32\source\EWARM\source\Obj\startup_stm32f407xx.o
#        D:\电路板\鹰眼_stm32\source\EWARM\source\Obj\stm32f4xx_hal.o
#        D:\电路板\鹰眼_stm32\source\EWARM\source\Obj\stm32f4xx_hal_can.o
#        D:\电路板\鹰眼_stm32\source\EWARM\source\Obj\stm32f4xx_hal_cortex.o
#        D:\电路板\鹰眼_stm32\source\EWARM\source\Obj\stm32f4xx_hal_dma.o
#        D:\电路板\鹰眼_stm32\source\EWARM\source\Obj\stm32f4xx_hal_dma_ex.o
#        D:\电路板\鹰眼_stm32\source\EWARM\source\Obj\stm32f4xx_hal_flash.o
#        D:\电路板\鹰眼_stm32\source\EWARM\source\Obj\stm32f4xx_hal_flash_ex.o
#        D:\电路板\鹰眼_stm32\source\EWARM\source\Obj\stm32f4xx_hal_flash_ramfunc.o
#        D:\电路板\鹰眼_stm32\source\EWARM\source\Obj\stm32f4xx_hal_gpio.o
#        D:\电路板\鹰眼_stm32\source\EWARM\source\Obj\stm32f4xx_hal_i2c.o
#        D:\电路板\鹰眼_stm32\source\EWARM\source\Obj\stm32f4xx_hal_i2c_ex.o
#        D:\电路板\鹰眼_stm32\source\EWARM\source\Obj\stm32f4xx_hal_msp.o
#        D:\电路板\鹰眼_stm32\source\EWARM\source\Obj\stm32f4xx_hal_pwr.o
#        D:\电路板\鹰眼_stm32\source\EWARM\source\Obj\stm32f4xx_hal_pwr_ex.o
#        D:\电路板\鹰眼_stm32\source\EWARM\source\Obj\stm32f4xx_hal_rcc.o
#        D:\电路板\鹰眼_stm32\source\EWARM\source\Obj\stm32f4xx_hal_rcc_ex.o
#        D:\电路板\鹰眼_stm32\source\EWARM\source\Obj\stm32f4xx_hal_tim.o
#        D:\电路板\鹰眼_stm32\source\EWARM\source\Obj\stm32f4xx_hal_tim_ex.o
#        D:\电路板\鹰眼_stm32\source\EWARM\source\Obj\stm32f4xx_hal_uart.o
#        D:\电路板\鹰眼_stm32\source\EWARM\source\Obj\stm32f4xx_it.o
#        D:\电路板\鹰眼_stm32\source\EWARM\source\Obj\system_stm32f4xx.o
#        D:\电路板\鹰眼_stm32\source\EWARM\source\Obj\tim.o
#        D:\电路板\鹰眼_stm32\source\EWARM\source\Obj\usart.o --redirect
#        _Printf=_PrintfFull --redirect _Scanf=_ScanfFull -o
#        D:\电路板\鹰眼_stm32\source\EWARM\source\Exe\source.out --map
#        D:\电路板\鹰眼_stm32\source\EWARM\source\List\source.map --config
#        D:\电路板\鹰眼_stm32\source\EWARM/stm32f407xx_flash.icf
#        --semihosting --entry __iar_program_start --vfe --text_out locale)
#
###############################################################################

*******************************************************************************
*** RUNTIME MODEL ATTRIBUTES
***

CppFlavor       = *
__Heap_Handler  = DLMalloc
__SystemLibrary = DLib
__dlib_version  = 6


*******************************************************************************
*** HEAP SELECTION
***

The advanced heap was selected because the application calls memory
allocation functions outside of system library functions, and there
are calls to deallocation functions in the application.


*******************************************************************************
*** PLACEMENT SUMMARY
***

"A0":  place at 0x08000000 { ro section .intvec };
"P1":  place in [from 0x08000000 to 0x080fffff] { ro };
define block CSTACK with size = 1K, alignment = 8 { };
define block HEAP with size = 512, alignment = 8 { };
"P2":  place in [from 0x20000000 to 0x2001ffff] {
          rw, block CSTACK, block HEAP };
initialize by copy { rw };

  Section            Kind        Address    Size  Object
  -------            ----        -------    ----  ------
"A0":                                      0x188
  .intvec            ro code  0x08000000   0x188  startup_stm32f407xx.o [1]
                            - 0x08000188   0x188

"P1":                                     0x6026
  .text              ro code  0x08000188  0x14d4  dlmalloc.o [3]
  .text              ro code  0x0800165c     0x6  abort.o [3]
  .text              ro code  0x08001662    0x1e  xencoding_8859_1.o [3]
  .text              ro code  0x08001680    0x2c  xgetmemchunk.o [3]
  .text              ro code  0x080016ac    0x14  exit.o [6]
  .text              ro code  0x080016c0   0xf96  xprintffull.o [3]
  .text              ro code  0x08002656    0x1a  xsnprout.o [3]
  .text              ro code  0x08002670    0x74  xlocale_c.o [3]
  .text              ro code  0x080026e4    0x16  strchr.o [5]
  .text              ro code  0x080026fc    0x40  xfail_s.o [3]
  .text              ro code  0x0800273c    0x36  strlen.o [5]
  .text              ro code  0x08002774    0x58  memchr.o [5]
  .text              ro code  0x080027cc     0xa  xmbcurmax.o [3]
  .text              ro code  0x080027d8    0xa6  ABImemcpy.o [5]
  .text              ro code  0x08002880   0x22e  I64DivMod.o [5]
  .text              ro code  0x08002ab0   0x1a2  DblMul.o [4]
  .text              ro code  0x08002c54    0x70  frexp.o [4]
  .text              ro code  0x08002cc4    0x2e  DblCmpLe.o [4]
  .text              ro code  0x08002cf4    0x2e  DblCmpGe.o [4]
  .text              ro code  0x08002d24   0x13a  ldexp.o [4]
  .text              ro code  0x08002e60    0x3a  DblToS32.o [4]
  .text              ro code  0x08002e9c    0x22  S32ToDbl.o [4]
  .text              ro code  0x08002ec0    0xe2  DblSub.o [4]
  .text              ro code  0x08002fa4   0x246  DblDiv.o [4]
  .text              ro code  0x080031ec    0x28  DblToU32.o [4]
  .text              ro code  0x08003214    0x1a  U32ToDbl.o [4]
  .text              ro code  0x08003230     0x2  I64DivZer.o [5]
  .text              ro code  0x08003234   0x168  DblAdd.o [4]
  .text              ro code  0x0800339c   0x7bc  stm32f4xx_hal_i2c.o [1]
  .text              ro code  0x08003b58   0x134  i2c.o [1]
  .text              ro code  0x08003c8c   0x1d0  stm32f4xx_hal_rcc.o [1]
  .text              ro code  0x08003e5c     0xc  stm32f4xx_hal.o [1]
  .text              ro code  0x08003e68   0x12c  main.o [1]
  .text              ro code  0x08003f94   0x1f4  stm32f4xx_hal_gpio.o [1]
  .text              ro code  0x08004188     0x4  heaptramp0.o [3]
  .text              ro code  0x0800418c    0x28  stm32f4xx_hal.o [1]
  .text              ro code  0x080041b4    0x34  stm32f4xx_hal.o [1]
  .text              ro code  0x080041e8    0xac  gpio.o [1]
  .text              ro code  0x08004294    0xa8  dma.o [1]
  .text              ro code  0x0800433c    0xd4  can.o [1]
  .text              ro code  0x08004410   0x164  usart.o [1]
  .text              ro code  0x08004574   0x148  tim.o [1]
  .text              ro code  0x080046bc   0x19e  camera.o [1]
  .text              ro code  0x0800485c    0xf2  stm32f4xx_hal_cortex.o [1]
  .text              ro code  0x08004950   0x2c0  stm32f4xx_hal_rcc.o [1]
  .text              ro code  0x08004c10    0x60  stm32f4xx_hal_msp.o [1]
  .text              ro code  0x08004c70   0x3c8  stm32f4xx_hal_dma.o [1]
  .text              ro code  0x08005038   0x490  stm32f4xx_hal_can.o [1]
  .text              ro code  0x080054c8   0x522  stm32f4xx_hal_uart.o [1]
  .text              ro code  0x080059ec    0x3c  vsnprint.o [3]
  .text              ro code  0x08005a28   0x2fe  stm32f4xx_hal_tim.o [1]
  .text              ro code  0x08005d28    0x4a  stm32f4xx_hal_tim_ex.o [1]
  .text              ro code  0x08005d72    0x1e  stm32f4xx_hal.o [1]
  .text              ro code  0x08005d90     0x2  stm32f4xx_hal_can.o [1]
  .text              ro code  0x08005d92     0x2  stm32f4xx_hal_can.o [1]
  .text              ro code  0x08005d94     0x2  stm32f4xx_hal_can.o [1]
  .text              ro code  0x08005d96     0x2  stm32f4xx_hal_uart.o [1]
  .text              ro code  0x08005d98     0x2  stm32f4xx_hal_uart.o [1]
  .text              ro code  0x08005d9a     0x2  stm32f4xx_hal_uart.o [1]
  Initializer bytes  const    0x08005d9c    0xe8  <for P2-1>
  .text              ro code  0x08005e84    0x60  system_stm32f4xx.o [1]
  .text              ro code  0x08005ee4    0x50  stm32f4xx_it.o [1]
  .text              ro code  0x08005f34    0x10  stm32f4xx_hal.o [1]
  .text              ro code  0x08005f44    0x40  zero_init3.o [5]
  .text              ro code  0x08005f84    0x2c  copy_init3.o [5]
  .text              ro code  0x08005fb0    0x28  data_init.o [5]
  .text              ro code  0x08005fd8    0x22  fpinit_M.o [4]
  .iar.init_table    const    0x08005ffc    0x24  - Linker created -
  .text              ro code  0x08006020    0x1e  cmain.o [5]
  .text              ro code  0x0800603e     0x4  low_level_init.o [3]
  .text              ro code  0x08006042     0x4  exit.o [3]
  .text              ro code  0x08006048     0xa  cexit.o [5]
  .text              ro code  0x08006054    0x10  startup_stm32f407xx.o [1]
  .text              ro code  0x08006064     0xc  cstartup_M.o [5]
  .rodata            const    0x08006070     0x8  system_stm32f4xx.o [1]
  .rodata            const    0x08006078     0x6  xlocale_c.o [3]
  .text              ro code  0x0800607e     0x4  startup_stm32f407xx.o [1]
  .text              ro code  0x08006082     0x4  startup_stm32f407xx.o [1]
  .text              ro code  0x08006086     0x4  startup_stm32f407xx.o [1]
  .text              ro code  0x0800608a     0x4  startup_stm32f407xx.o [1]
  .text              ro code  0x0800608e     0x4  startup_stm32f407xx.o [1]
  .text              ro code  0x08006092     0x4  startup_stm32f407xx.o [1]
  .text              ro code  0x08006096     0x4  startup_stm32f407xx.o [1]
  .text              ro code  0x0800609a     0x4  startup_stm32f407xx.o [1]
  .text              ro code  0x0800609e     0x4  startup_stm32f407xx.o [1]
  .text              ro code  0x080060a2     0x4  startup_stm32f407xx.o [1]
  .text              ro code  0x080060a6     0x4  startup_stm32f407xx.o [1]
  .text              ro code  0x080060aa     0x4  startup_stm32f407xx.o [1]
  .text              ro code  0x080060ae     0x4  startup_stm32f407xx.o [1]
  .text              ro code  0x080060b2     0x4  startup_stm32f407xx.o [1]
  .text              ro code  0x080060b6     0x4  startup_stm32f407xx.o [1]
  .text              ro code  0x080060ba     0x4  startup_stm32f407xx.o [1]
  .text              ro code  0x080060be     0x4  startup_stm32f407xx.o [1]
  .text              ro code  0x080060c2     0x4  startup_stm32f407xx.o [1]
  .text              ro code  0x080060c6     0x4  startup_stm32f407xx.o [1]
  .text              ro code  0x080060ca     0x4  startup_stm32f407xx.o [1]
  .text              ro code  0x080060ce     0x4  startup_stm32f407xx.o [1]
  .text              ro code  0x080060d2     0x4  startup_stm32f407xx.o [1]
  .text              ro code  0x080060d6     0x4  startup_stm32f407xx.o [1]
  .text              ro code  0x080060da     0x4  startup_stm32f407xx.o [1]
  .text              ro code  0x080060de     0x4  startup_stm32f407xx.o [1]
  .text              ro code  0x080060e2     0x4  startup_stm32f407xx.o [1]
  .text              ro code  0x080060e6     0x4  startup_stm32f407xx.o [1]
  .text              ro code  0x080060ea     0x4  startup_stm32f407xx.o [1]
  .text              ro code  0x080060ee     0x4  startup_stm32f407xx.o [1]
  .text              ro code  0x080060f2     0x4  startup_stm32f407xx.o [1]
  .text              ro code  0x080060f6     0x4  startup_stm32f407xx.o [1]
  .text              ro code  0x080060fa     0x4  startup_stm32f407xx.o [1]
  .text              ro code  0x080060fe     0x4  startup_stm32f407xx.o [1]
  .text              ro code  0x08006102     0x4  startup_stm32f407xx.o [1]
  .text              ro code  0x08006106     0x4  startup_stm32f407xx.o [1]
  .text              ro code  0x0800610a     0x4  startup_stm32f407xx.o [1]
  .text              ro code  0x0800610e     0x4  startup_stm32f407xx.o [1]
  .text              ro code  0x08006112     0x4  startup_stm32f407xx.o [1]
  .text              ro code  0x08006116     0x4  startup_stm32f407xx.o [1]
  .text              ro code  0x0800611a     0x4  startup_stm32f407xx.o [1]
  .text              ro code  0x0800611e     0x4  startup_stm32f407xx.o [1]
  .text              ro code  0x08006122     0x4  startup_stm32f407xx.o [1]
  .text              ro code  0x08006126     0x4  startup_stm32f407xx.o [1]
  .text              ro code  0x0800612a     0x4  startup_stm32f407xx.o [1]
  .text              ro code  0x0800612e     0x4  startup_stm32f407xx.o [1]
  .text              ro code  0x08006132     0x4  startup_stm32f407xx.o [1]
  .text              ro code  0x08006136     0x4  startup_stm32f407xx.o [1]
  .text              ro code  0x0800613a     0x4  startup_stm32f407xx.o [1]
  .text              ro code  0x0800613e     0x4  startup_stm32f407xx.o [1]
  .text              ro code  0x08006142     0x4  startup_stm32f407xx.o [1]
  .text              ro code  0x08006146     0x4  startup_stm32f407xx.o [1]
  .text              ro code  0x0800614a     0x4  startup_stm32f407xx.o [1]
  .text              ro code  0x0800614e     0x4  startup_stm32f407xx.o [1]
  .text              ro code  0x08006152     0x4  startup_stm32f407xx.o [1]
  .text              ro code  0x08006156     0x4  startup_stm32f407xx.o [1]
  .text              ro code  0x0800615a     0x4  startup_stm32f407xx.o [1]
  .text              ro code  0x0800615e     0x4  startup_stm32f407xx.o [1]
  .text              ro code  0x08006162     0x4  startup_stm32f407xx.o [1]
  .text              ro code  0x08006166     0x4  startup_stm32f407xx.o [1]
  .text              ro code  0x0800616a     0x4  startup_stm32f407xx.o [1]
  .text              ro code  0x0800616e     0x4  startup_stm32f407xx.o [1]
  .text              ro code  0x08006172     0x4  startup_stm32f407xx.o [1]
  .text              ro code  0x08006176     0x4  startup_stm32f407xx.o [1]
  .text              ro code  0x0800617a     0x4  startup_stm32f407xx.o [1]
  .text              ro code  0x0800617e     0x4  startup_stm32f407xx.o [1]
  .text              ro code  0x08006182     0x4  startup_stm32f407xx.o [1]
  .text              ro code  0x08006186     0x4  startup_stm32f407xx.o [1]
  .text              ro code  0x0800618a     0x4  startup_stm32f407xx.o [1]
  .text              ro code  0x0800618e     0x4  startup_stm32f407xx.o [1]
  .text              ro code  0x08006192     0x4  startup_stm32f407xx.o [1]
  .text              ro code  0x08006196     0x4  startup_stm32f407xx.o [1]
  .text              ro code  0x0800619a     0x4  startup_stm32f407xx.o [1]
  .text              ro code  0x0800619e     0x4  startup_stm32f407xx.o [1]
  .text              ro code  0x080061a2     0x4  startup_stm32f407xx.o [1]
  .text              ro code  0x080061a6     0x4  startup_stm32f407xx.o [1]
  .text              ro code  0x080061aa     0x4  startup_stm32f407xx.o [1]
  .rodata            const    0x080061ae     0x0  zero_init3.o [5]
  .rodata            const    0x080061ae     0x0  copy_init3.o [5]
                            - 0x080061ae  0x6026

"P2", part 1 of 3:                          0xe8
  P2-1                        0x20000000    0xe8  <Init block>
    .data            inited   0x20000000    0x64  camera.o [1]
    .data            inited   0x20000064     0x4  system_stm32f4xx.o [1]
    .data            inited   0x20000068    0x38  xlocale_c.o [3]
    .data            inited   0x200000a0    0x48  xlocale_c.o [3]
                            - 0x200000e8    0xe8

"P2", part 2 of 3:                         0x6d4
  .bss               zero     0x200000e8   0x25c  camera.o [1]
  .bss               zero     0x20000344   0x1d8  dlmalloc.o [3]
  .bss               zero     0x2000051c    0xa8  usart.o [1]
  .bss               zero     0x200005c4    0x60  dma.o [1]
  .bss               zero     0x20000624    0x60  tim.o [1]
  .bss               zero     0x20000684    0x54  i2c.o [1]
  .bss               zero     0x200006d8    0x44  can.o [1]
  .bss               zero     0x2000071c    0x40  usart.o [1]
  .bss               zero     0x2000075c    0x3c  tim.o [1]
  .bss               zero     0x20000798    0x18  dlmalloc.o [3]
  .bss               zero     0x200007b0     0x4  stm32f4xx_hal.o [1]
  .bss               zero     0x200007b4     0x4  xgetmemchunk.o [3]
  .bss               zero     0x200007b8     0x4  xfail_s.o [3]
                            - 0x200007bc   0x6d4

"P2", part 3 of 3:                         0x600
  CSTACK                      0x200007c0   0x400  <Block>
    CSTACK           uninit   0x200007c0   0x400  <Block tail>
  HEAP                        0x20000bc0   0x200  <Block>
    HEAP             uninit   0x20000bc0   0x200  <Block tail>
                            - 0x20000dc0   0x600


*******************************************************************************
*** INIT TABLE
***

          Address     Size
          -------     ----
Zero (__iar_zero_init3)
    1 destination range, total size 0x6d4:
          0x200000e8  0x6d4

Copy (__iar_copy_init3)
    1 source range, total size 0xe8:
          0x08005d9c   0xe8
    1 destination range, total size 0xe8:
          0x20000000   0xe8



*******************************************************************************
*** MODULE SUMMARY
***

    Module                  ro code  ro data  rw data
    ------                  -------  -------  -------
D:\电路板\鹰眼_stm32\source\EWARM\source\Obj: [1]
    camera.o                    414      100      704
    can.o                       212                68
    dma.o                       168                96
    gpio.o                      172
    i2c.o                       308                84
    main.o                      300
    startup_stm32f407xx.o       712
    stm32f4xx_hal.o             150                 4
    stm32f4xx_hal_can.o       1 174
    stm32f4xx_hal_cortex.o      242
    stm32f4xx_hal_dma.o         968
    stm32f4xx_hal_gpio.o        500
    stm32f4xx_hal_i2c.o       1 980
    stm32f4xx_hal_msp.o          96
    stm32f4xx_hal_rcc.o       1 168
    stm32f4xx_hal_tim.o         766
    stm32f4xx_hal_tim_ex.o       74
    stm32f4xx_hal_uart.o      1 320
    stm32f4xx_it.o               80
    system_stm32f4xx.o           96       12        4
    tim.o                       328               156
    usart.o                     356               232
    -------------------------------------------------
    Total:                   11 584      112    1 348

command line: [2]
    -------------------------------------------------
    Total:

dl7M_tlf.a: [3]
    abort.o                       6
    dlmalloc.o                5 332               496
    exit.o                        4
    heaptramp0.o                  4
    low_level_init.o              4
    vsnprint.o                   60
    xencoding_8859_1.o           30
    xfail_s.o                    64                 4
    xgetmemchunk.o               44                 4
    xlocale_c.o                 116      134      128
    xmbcurmax.o                  10
    xprintffull.o             3 990
    xsnprout.o                   26
    -------------------------------------------------
    Total:                    9 690      134      632

m7M_tls.a: [4]
    DblAdd.o                    360
    DblCmpGe.o                   46
    DblCmpLe.o                   46
    DblDiv.o                    582
    DblMul.o                    418
    DblSub.o                    226
    DblToS32.o                   58
    DblToU32.o                   40
    S32ToDbl.o                   34
    U32ToDbl.o                   26
    fpinit_M.o                   34
    frexp.o                     112
    ldexp.o                     314
    -------------------------------------------------
    Total:                    2 296

rt7M_tl.a: [5]
    ABImemcpy.o                 166
    I64DivMod.o                 558
    I64DivZer.o                   2
    cexit.o                      10
    cmain.o                      30
    copy_init3.o                 44
    cstartup_M.o                 12
    data_init.o                  40
    memchr.o                     88
    strchr.o                     22
    strlen.o                     54
    zero_init3.o                 64
    -------------------------------------------------
    Total:                    1 090

shb_l.a: [6]
    exit.o                       20
    -------------------------------------------------
    Total:                       20

    Gaps                         42        2
    Linker created                        36    1 536
-----------------------------------------------------
    Grand Total:             24 722      284    3 516


*******************************************************************************
*** ENTRY LIST
***

Entry                      Address   Size  Type      Object
-----                      -------   ----  ----      ------
.iar.init_table$$Base   0x08005ffc          --   Gb  - Linker created -
.iar.init_table$$Limit  0x08006020          --   Gb  - Linker created -
?main                   0x08006021         Code  Gb  cmain.o [5]
AHBPrescTable           0x08005ed4   0x10  Data  Gb  system_stm32f4xx.o [1]
APBPrescTable           0x08006070    0x8  Data  Gb  system_stm32f4xx.o [1]
BusFault_Handler        0x08005eeb    0x2  Code  Gb  stm32f4xx_it.o [1]
CAN1_RX0_IRQHandler     0x08005f03    0x6  Code  Gb  stm32f4xx_it.o [1]
CAN_Receive_IT          0x08005395  0x12a  Code  Lc  stm32f4xx_hal_can.o [1]
CSTACK$$Base            0x200007c0          --   Gb  - Linker created -
CSTACK$$Limit           0x20000bc0          --   Gb  - Linker created -
CacheMore               0x08002675   0x24  Code  Lc  xlocale_c.o [3]
DMA2_Stream7_IRQHandler
                        0x08005f1d    0x6  Code  Gb  stm32f4xx_it.o [1]
DMA_CalcBaseAndBitshift
                        0x08005009   0x28  Code  Lc  stm32f4xx_hal_dma.o [1]
DMA_CalcBaseAndBitshift::flagBitshiftOffset
                        0x08005030    0x8  Data  Lc  stm32f4xx_hal_dma.o [1]
DMA_SetConfig           0x08004fe9   0x20  Code  Lc  stm32f4xx_hal_dma.o [1]
DebugMon_Handler        0x08005ef1    0x2  Code  Gb  stm32f4xx_it.o [1]
EXTI9_5_IRQHandler      0x08005f09    0x8  Code  Gb  stm32f4xx_it.o [1]
HAL_CAN_IRQHandler      0x0800518d  0x1f2  Code  Gb  stm32f4xx_hal_can.o [1]
HAL_CAN_Init            0x08005039  0x138  Code  Gb  stm32f4xx_hal_can.o [1]
HAL_CAN_MspInit         0x0800437d   0x58  Code  Gb  can.o [1]
HAL_DMA_Abort_IT        0x08004dc1   0x24  Code  Gb  stm32f4xx_hal_dma.o [1]
HAL_DMA_IRQHandler      0x08004de5  0x186  Code  Gb  stm32f4xx_hal_dma.o [1]
HAL_DMA_Init            0x08004c71   0xe6  Code  Gb  stm32f4xx_hal_dma.o [1]
HAL_DMA_RegisterCallback
                        0x08004f9d   0x4a  Code  Gb  stm32f4xx_hal_dma.o [1]
HAL_DMA_Start_IT        0x08004d57   0x6a  Code  Gb  stm32f4xx_hal_dma.o [1]
HAL_Delay               0x08005d73   0x1e  Code  Wk  stm32f4xx_hal.o [1]
HAL_GPIO_EXTI_Callback  0x080046bd   0x32  Code  Gb  camera.o [1]
HAL_GPIO_EXTI_IRQHandler
                        0x08004147   0x10  Code  Gb  stm32f4xx_hal_gpio.o [1]
HAL_GPIO_Init           0x08003f95  0x1b2  Code  Gb  stm32f4xx_hal_gpio.o [1]
HAL_GetTick             0x08003e5d    0xc  Code  Wk  stm32f4xx_hal.o [1]
HAL_I2C_Init            0x0800339d   0xc8  Code  Gb  stm32f4xx_hal_i2c.o [1]
HAL_I2C_Master_Receive  0x08003539   0xe2  Code  Gb  stm32f4xx_hal_i2c.o [1]
HAL_I2C_Master_Transmit
                        0x08003475   0xa2  Code  Gb  stm32f4xx_hal_i2c.o [1]
HAL_I2C_MspInit         0x08003b91   0x48  Code  Gb  i2c.o [1]
HAL_IncTick             0x08005f35   0x10  Code  Wk  stm32f4xx_hal.o [1]
HAL_Init                0x080041b5   0x30  Code  Gb  stm32f4xx_hal.o [1]
HAL_InitTick            0x0800418d   0x28  Code  Wk  stm32f4xx_hal.o [1]
HAL_MspInit             0x08004c11   0x60  Code  Gb  stm32f4xx_hal_msp.o [1]
HAL_NVIC_DisableIRQ     0x080048d9    0x8  Code  Gb  stm32f4xx_hal_cortex.o [1]
HAL_NVIC_EnableIRQ      0x080048cf    0xa  Code  Gb  stm32f4xx_hal_cortex.o [1]
HAL_NVIC_SetPriority    0x08004895   0x3a  Code  Gb  stm32f4xx_hal_cortex.o [1]
HAL_NVIC_SetPriorityGrouping
                        0x0800487b   0x1a  Code  Gb  stm32f4xx_hal_cortex.o [1]
HAL_RCC_ClockConfig     0x08003c8d  0x12a  Code  Gb  stm32f4xx_hal_rcc.o [1]
HAL_RCC_GetHCLKFreq     0x08003dc5    0x6  Code  Gb  stm32f4xx_hal_rcc.o [1]
HAL_RCC_GetPCLK1Freq    0x08003dcb   0x10  Code  Gb  stm32f4xx_hal_rcc.o [1]
HAL_RCC_GetPCLK2Freq    0x08003ddb    0xe  Code  Gb  stm32f4xx_hal_rcc.o [1]
HAL_RCC_OscConfig       0x08004951  0x2c0  Code  Wk  stm32f4xx_hal_rcc.o [1]
HAL_SYSTICK_CLKSourceConfig
                        0x08004913   0x1a  Code  Gb  stm32f4xx_hal_cortex.o [1]
HAL_SYSTICK_Config      0x080048eb   0x28  Code  Gb  stm32f4xx_hal_cortex.o [1]
HAL_SYSTICK_IRQHandler  0x08004949    0x4  Code  Gb  stm32f4xx_hal_cortex.o [1]
HAL_TIMEx_MasterConfigSynchronization
                        0x08005d29   0x4a  Code  Gb  stm32f4xx_hal_tim_ex.o [1]
HAL_TIM_IC_ConfigChannel
                        0x08005a83  0x104  Code  Gb  stm32f4xx_hal_tim.o [1]
HAL_TIM_IC_Init         0x08005a3d   0x1a  Code  Gb  stm32f4xx_hal_tim.o [1]
HAL_TIM_IC_MspInit      0x080045e5   0x90  Code  Gb  tim.o [1]
HAL_TIM_IC_Start        0x08005a67    0x8  Code  Gb  stm32f4xx_hal_tim.o [1]
HAL_UART_IRQHandler     0x080055ff  0x152  Code  Gb  stm32f4xx_hal_uart.o [1]
HAL_UART_Init           0x080054c9   0x1e  Code  Gb  stm32f4xx_hal_uart.o [1]
HAL_UART_MspInit        0x0800446f   0x66  Code  Gb  usart.o [1]
HAL_UART_Transmit       0x08005541   0xaa  Code  Gb  stm32f4xx_hal_uart.o [1]
HEAP$$Base              0x20000bc0          --   Gb  - Linker created -
HEAP$$Limit             0x20000dc0          --   Gb  - Linker created -
HardFault_Handler       0x08005ee7    0x2  Code  Gb  stm32f4xx_it.o [1]
I2C_IsAcknowledgeFailed
                        0x08003b31   0x28  Code  Lc  stm32f4xx_hal_i2c.o [1]
I2C_MasterRequestRead   0x08003881   0xb2  Code  Lc  stm32f4xx_hal_i2c.o [1]
I2C_MasterRequestWrite  0x080037f9   0x7a  Code  Lc  stm32f4xx_hal_i2c.o [1]
I2C_Read_Buffer         0x08003bd9   0x32  Code  Gb  i2c.o [1]
I2C_WaitOnBTFFlagUntilTimeout
                        0x08003a83   0x34  Code  Lc  stm32f4xx_hal_i2c.o [1]
I2C_WaitOnFlagUntilTimeout
                        0x08003961   0x6c  Code  Lc  stm32f4xx_hal_i2c.o [1]
I2C_WaitOnMasterAddressFlagUntilTimeout
                        0x080039cd   0x82  Code  Lc  stm32f4xx_hal_i2c.o [1]
I2C_WaitOnRXNEFlagUntilTimeout
                        0x08003ad1   0x52  Code  Lc  stm32f4xx_hal_i2c.o [1]
I2C_WaitOnTXEFlagUntilTimeout
                        0x08003a4f   0x34  Code  Lc  stm32f4xx_hal_i2c.o [1]
I2C_Write_Buffer        0x08003c0b   0x40  Code  Gb  i2c.o [1]
IMG_OK_Callback         0x0800477f   0x14  Code  Gb  camera.o [1]
LoadInt                 0x080018af   0x7a  Code  Lc  xprintffull.o [3]
MX_CAN1_Init            0x0800433d   0x40  Code  Gb  can.o [1]
MX_DMA_Init             0x08004295   0x6e  Code  Gb  dma.o [1]
MX_GPIO_Init            0x080041e9   0xac  Code  Gb  gpio.o [1]
MX_I2C1_Init            0x08003b59   0x38  Code  Gb  i2c.o [1]
MX_TIM8_Init            0x08004575   0x70  Code  Gb  tim.o [1]
MX_USART1_UART_Init     0x08004411   0x1c  Code  Gb  usart.o [1]
MX_USART2_UART_Init     0x0800442d   0x24  Code  Gb  usart.o [1]
MemManage_Handler       0x08005ee9    0x2  Code  Gb  stm32f4xx_it.o [1]
NMI_Handler             0x08005ee5    0x2  Code  Gb  stm32f4xx_it.o [1]
NVIC_SetPriority        0x0800485d   0x1e  Code  Lc  stm32f4xx_hal_cortex.o [1]
PendSV_Handler          0x08005ef3    0x2  Code  Gb  stm32f4xx_it.o [1]
Region$$Table$$Base     0x08005ffc          --   Gb  - Linker created -
Region$$Table$$Limit    0x08006020          --   Gb  - Linker created -
SVC_Handler             0x08005eef    0x2  Code  Gb  stm32f4xx_it.o [1]
SysTick_Handler         0x08005ef5    0xe  Code  Gb  stm32f4xx_it.o [1]
SystemClock_Config      0x08003ec5   0xac  Code  Gb  main.o [1]
SystemCoreClock         0x20000064    0x4  Data  Gb  system_stm32f4xx.o [1]
SystemInit              0x08005e85   0x3a  Code  Gb  system_stm32f4xx.o [1]
TIM_Base_SetConfig      0x08005bb5   0x8e  Code  Gb  stm32f4xx_hal_tim.o [1]
TIM_CCxChannelCmd       0x08005cab   0x14  Code  Gb  stm32f4xx_hal_tim.o [1]
TIM_TI1_SetConfig       0x08005c45   0x66  Code  Gb  stm32f4xx_hal_tim.o [1]
TIM_TI2_SetConfig       0x08005cf3   0x34  Code  Lc  stm32f4xx_hal_tim.o [1]
UART_DMAAbortOnError    0x080057d1    0xc  Code  Lc  stm32f4xx_hal_uart.o [1]
UART_EndRxTransfer      0x080057b5   0x1c  Code  Lc  stm32f4xx_hal_uart.o [1]
UART_Receive_IT         0x080057dd   0x8c  Code  Lc  stm32f4xx_hal_uart.o [1]
UART_SetConfig          0x08005869  0x13a  Code  Lc  stm32f4xx_hal_uart.o [1]
UART_WaitOnFlagUntilTimeout
                        0x08005751   0x56  Code  Lc  stm32f4xx_hal_uart.o [1]
USART1_IRQHandler       0x08005f11    0x6  Code  Gb  stm32f4xx_it.o [1]
USART2_IRQHandler       0x08005f17    0x6  Code  Gb  stm32f4xx_it.o [1]
UsageFault_Handler      0x08005eed    0x2  Code  Gb  stm32f4xx_it.o [1]
_Encoding_8859_1_Mbrlen
                        0x08001675    0x2  Code  Gb  xencoding_8859_1.o [3]
_Encoding_8859_1_Wctomb
                        0x08001663   0x12  Code  Gb  xencoding_8859_1.o [3]
_Error_Handler          0x08003f81    0x2  Code  Gb  main.o [1]
_GenldFull              0x08002331  0x274  Code  Lc  xprintffull.o [3]
_LdtobFull              0x08001f05  0x3fe  Code  Lc  xprintffull.o [3]
_LitobFull              0x08001dad  0x112  Code  Lc  xprintffull.o [3]
_Locale_lconv           0x20000068   0x38  Data  Lc  xlocale_c.o [3]
_PrintfFull             0x080016c1  0x1d6  Code  Gb  xprintffull.o [3]
_PutcharsFull           0x080025a5   0x2e  Code  Lc  xprintffull.o [3]
_PutfldFull             0x08001929  0x2d0  Code  Lc  xprintffull.o [3]
_PutstrFull             0x08001cef   0xbe  Code  Lc  xprintffull.o [3]
_PuttxtFull             0x08001bf9   0xf6  Code  Lc  xprintffull.o [3]
_SNProut                0x08002657   0x1a  Code  Gb  xsnprout.o [3]
__aeabi_cdcmple         0x08002cc5         Code  Gb  DblCmpLe.o [4]
__aeabi_cdrcmple        0x08002cf5         Code  Gb  DblCmpGe.o [4]
__aeabi_d2iz            0x08002e61         Code  Gb  DblToS32.o [4]
__aeabi_d2uiz           0x080031ed         Code  Gb  DblToU32.o [4]
__aeabi_ddiv            0x08002fa5         Code  Gb  DblDiv.o [4]
__aeabi_dmul            0x08002ab1         Code  Gb  DblMul.o [4]
__aeabi_dsub            0x08002ec1         Code  Gb  DblSub.o [4]
__aeabi_i2d             0x08002e9d         Code  Gb  S32ToDbl.o [4]
__aeabi_ldiv0           0x08003231         Code  Gb  I64DivZer.o [5]
__aeabi_memcpy          0x080027d9         Code  Gb  ABImemcpy.o [5]
__aeabi_memcpy4         0x080027f9         Code  Gb  ABImemcpy.o [5]
__aeabi_memcpy8         0x080027f9         Code  Gb  ABImemcpy.o [5]
__aeabi_ui2d            0x08003215         Code  Gb  U32ToDbl.o [4]
__aeabi_uldivmod        0x08002881         Code  Gb  I64DivMod.o [5]
__cmain                 0x08006021         Code  Gb  cmain.o [5]
__data_GetMemChunk      0x08001681   0x2c  Code  Gb  xgetmemchunk.o [3]
__data_GetMemChunk::start
                        0x200007b4    0x4  Data  Lc  xgetmemchunk.o [3]
__exit                  0x080016ad   0x14  Code  Gb  exit.o [6]
__iar_Fail_s            0x080026fd   0x1c  Code  Gb  xfail_s.o [3]
__iar_Mbcurmax          0x080027cd    0xa  Code  Gb  xmbcurmax.o [3]
__iar_Memchr            0x08002775         Code  Gb  memchr.o [5]
__iar_Strchr            0x080026e5         Code  Gb  strchr.o [5]
__iar_copy_init3        0x08005f85   0x2c  Code  Gb  copy_init3.o [5]
__iar_dadd              0x08002ed1         Code  Gb  DblSub.o [4]
__iar_data_init3        0x08005fb1   0x28  Code  Gb  data_init.o [5]
__iar_dlfree            0x08001163  0x4f6  Code  Gb  dlmalloc.o [3]
__iar_dlmalloc          0x08000ead  0x2b6  Code  Gb  dlmalloc.o [3]
__iar_dsub              0x08003235         Code  Gb  DblAdd.o [4]
__iar_dsubStart         0x08003247         Code  Gb  DblAdd.o [4]
__iar_frexp             0x08002c61         Code  Gb  frexp.o [4]
__iar_frexpl            0x08002c61         Code  Gb  frexp.o [4]
__iar_globLocale        0x200000a0   0x48  Data  Lc  xlocale_c.o [3]
__iar_global_Locale     0x08002671    0x4  Code  Gb  xlocale_c.o [3]
__iar_init_vfp          0x08005fd9         Code  Gb  fpinit_M.o [4]
__iar_ldexp64           0x08002d25         Code  Gb  ldexp.o [4]
__iar_program_start     0x08006065         Code  Gb  cstartup_M.o [5]
__iar_scalbln64         0x08002d25         Code  Gb  ldexp.o [4]
__iar_scalbn64          0x08002d25         Code  Gb  ldexp.o [4]
__iar_softfp___iar_frexp64
                        0x08002c55         Code  Gb  frexp.o [4]
__iar_softfp_frexp      0x08002c55         Code  Gb  frexp.o [4]
__iar_softfp_frexpl     0x08002c55         Code  Gb  frexp.o [4]
__iar_systems$$module {Abs}
                        0x00000001         Data  Gb  command line/config [2]
__iar_zero_init3        0x08005f45   0x40  Code  Gb  zero_init3.o [5]
__low_level_init        0x0800603f    0x4  Code  Gb  low_level_init.o [3]
__vector_table          0x08000000         Data  Gb  startup_stm32f407xx.o [1]
_call_main              0x0800602d         Code  Gb  cmain.o [5]
_exit                   0x08006049         Code  Gb  cexit.o [5]
_gLocale_mblen          0x080026d1    0x4  Code  Gb  xlocale_c.o [3]
_gLocale_mblenInt       0x08002699   0x34  Code  Gb  xlocale_c.o [3]
_gLocale_wctomb         0x080026d5    0x4  Code  Gb  xlocale_c.o [3]
_gLocale_wctombInt      0x080026cd    0x4  Code  Gb  xlocale_c.o [3]
_gm_                    0x20000344  0x1d8  Data  Lc  dlmalloc.o [3]
_main                   0x0800603b         Code  Gb  cmain.o [5]
abort                   0x0800165d    0x6  Code  Gb  abort.o [3]
add_segment             0x0800054d  0x1f2  Code  Lc  dlmalloc.o [3]
camera_buffer           0x200000ec  0x258  Data  Gb  camera.o [1]
camera_init             0x08004719   0x66  Code  Gb  camera.o [1]
exit                    0x08006043    0x4  Code  Gb  exit.o [3]
free                    0x08004189    0x4  Code  Gb  heaptramp0.o [3]
get_img                 0x080047df    0xc  Code  Gb  camera.o [1]
hcan1                   0x200006d8   0x44  Data  Gb  can.o [1]
hdma_memtomem_dma2_stream0
                        0x200005c4   0x60  Data  Gb  dma.o [1]
hdma_tim8_ch4_trig_com  0x20000624   0x60  Data  Gb  tim.o [1]
hi2c1                   0x20000684   0x54  Data  Gb  i2c.o [1]
htim8                   0x2000075c   0x3c  Data  Gb  tim.o [1]
huart1                  0x2000071c   0x40  Data  Gb  usart.o [1]
huart2                  0x2000051c   0x40  Data  Gb  usart.o [1]
img_state               0x200000e8    0x1  Data  Gb  camera.o [1]
init_mparams            0x080001a7   0x32  Code  Lc  dlmalloc.o [3]
init_top                0x080001d9   0x32  Code  Lc  dlmalloc.o [3]
ldexp                   0x08002d25         Code  Gb  ldexp.o [4]
ldexpl                  0x08002d25         Code  Gb  ldexp.o [4]
localeconv              0x080026d9    0x4  Code  Gb  xlocale_c.o [3]
main                    0x08003e69   0x5c  Code  Gb  main.o [1]
memchr                  0x08002775         Code  Gb  memchr.o [5]
mparams                 0x20000798   0x18  Data  Lc  dlmalloc.o [3]
ov7725_eagle_reg        0x20000000   0x64  Data  Gb  camera.o [1]
prepend_alloc           0x0800020b  0x342  Code  Lc  dlmalloc.o [3]
scalbln                 0x08002d25         Code  Gb  ldexp.o [4]
scalblnl                0x08002d25         Code  Gb  ldexp.o [4]
scalbn                  0x08002d25         Code  Gb  ldexp.o [4]
scalbnl                 0x08002d25         Code  Gb  ldexp.o [4]
scale                   0x08001ebf   0x46  Code  Lc  xprintffull.o [3]
sccb_read_byte          0x080046ff   0x1a  Code  Gb  camera.o [1]
sccb_write_byte         0x080046ef   0x10  Code  Gb  camera.o [1]
sec_hand                0x200007b8    0x4  Data  Lc  xfail_s.o [3]
segment_holding         0x08000189   0x1e  Code  Lc  dlmalloc.o [3]
strchr                  0x080026e5         Code  Gb  strchr.o [5]
strlen                  0x0800273d         Code  Gb  strlen.o [5]
sys_alloc               0x08000745  0x164  Code  Lc  dlmalloc.o [3]
sys_trim                0x080008a9   0x66  Code  Lc  dlmalloc.o [3]
tmalloc_large           0x0800091d  0x384  Code  Lc  dlmalloc.o [3]
tmalloc_small           0x08000ca1  0x1fe  Code  Lc  dlmalloc.o [3]
uart_buffer             0x2000055c   0x68  Data  Gb  usart.o [1]
uprintf                 0x08004503   0x2a  Code  Gb  usart.o [1]
uwTick                  0x200007b0    0x4  Data  Gb  stm32f4xx_hal.o [1]
vcan_sendimg            0x08004795   0x4a  Code  Gb  camera.o [1]
vsnprintf               0x080059ed   0x3c  Code  Gb  vsnprint.o [3]


[1] = D:\电路板\鹰眼_stm32\source\EWARM\source\Obj
[2] = command line
[3] = dl7M_tlf.a
[4] = m7M_tls.a
[5] = rt7M_tl.a
[6] = shb_l.a

  24 722 bytes of readonly  code memory
     284 bytes of readonly  data memory
   3 516 bytes of readwrite data memory

Errors: none
Warnings: none
